@headers
zone = towny
music = littleroot
!headers
@vars
. = GRASS_5
P = GRASS_5^PLAYER_HOUSE
S = GRASS_5^METAL_SIGN
s = GRASS_5^SAND_PATCH
f = GRASS_5^FLOWER
R = GRASS_5^RIVAL_HOUSE
c = TREE_2_MID_L_NBG
d = TREE_2_MID_R_NBG
a = TREE_2_BOT_L_NBG^TREE_2_TOP_L_NBG
b = TREE_2_BOT_R_NBG^TREE_2_TOP_R_NBG
A = WILD_GRASS^TREE_2_BOT_L_NBG
B = WILD_GRASS^TREE_2_BOT_R_NBG
C = WILD_GRASS^TREE_2_TOP_L_BG
D = WILD_GRASS^TREE_2_TOP_R_BG
L = GRASS_5^OAKLAB
w = WILD_GRASS
T = GRASS_5^TREE_2_TOP_L_BG
U = GRASS_5^TREE_2_TOP_R_BG
z = SAND_PATH_TOP_M
x = SAND_PATH_TOP_R
y = SAND_PATH_MID_L
e = SAND_PATH_MID_M
q = SAND_PATH_MID_R
g = SAND_PATH_BOT_L
h = SAND_PATH_BOT_M
i = SAND_PATH_BOT_R
k = SAND_PATH_TR_CRNR
m = SAND_PATH_TL_CRNR
l = SAND_PATH_BL_CRNR
Z = GRASS_5^WATER_TOP_L
X = GRASS_5^WATER_TOP_M
W = GRASS_5^WATER_TOP_R
V = GRASS_5^WATER_MID_L
I = GRASS_5^WATER_MID_M
N = GRASS_5^WATER_MID_R
M = GRASS_5^WATER_BOT_L
E = GRASS_5^WATER_BOT_M
K = GRASS_5^WATER_BOT_R
1 = WATER_MID_M^LADDER
2 = SAND_PATH_BOT_M^TREE_2_TOP_L_BG
3 = SAND_PATH_BOT_M^TREE_2_TOP_R_BG
4 = SAND_PATH_BOT_M^TREE_2_TOP_R_BG
5 = SAND_PATH_BOT_R^TREE_2_TOP_R_BG
!vars

// 9 10 11 12
@map
cdcdcdcdcdcd..cd..cdcdcdcdcdcdcd
abababABABAB..ab..ABABABabababab
cdcdcdfff.....cd........cdcdcdcd
abababZXW....fABLLLLLLL.ABababab
cdcdcdVIN.ZXW...LLLLLLL...cdcdcd
ababABMEK.VINf..LLLLLLL...ababab
cdcd......MEK...LLLLLLL...cdcdcd
ABAB......f.....LLLLLLLS..ABABAB
zzzx................s.....wwwwww
eeeq......................wwwwww
eeeq......................wwwwww
2325......................CDCDCD
cdcd....PPPPP....RRRRR....cdcdcd
abab....PPPPP....RRRRR....ababab
cdcd....PPPPP....RRRRR....cdcdcd
abab....PPPPP....RRRRR....ababab
cdcd...SPPPPP....RRRRRS...cdcdcd
ababTU.....s......s.....TUababab
cdcdcd..................cdcdcdcd
abababTUTUTU......TUTUTUabababab
cdcdcdcdcdcd......cdcdcdcdcdcdcd
ABABABABABAB......ABABABABABABAB
!map
@warps
!warps
@dirs
right->route_2(8)
down->route_3(4)
!dirs